[20:49:40] [main/INFO] (Launcher) ModLauncher running: args [--launchTarget, forgeclientdev, --version, 21.1.228, --assetIndex, 1.21.1-17, --assetsDir, C:\Users\gengy\.gradle\caches\fabric-loom\assets, --gameDir, ., --fml.fmlVersion, 4.0.42, --fml.mcVersion, 1.21.1, --fml.neoForgeVersion, 21.1.228, --fml.neoFormVersion, 20240808.144430]
[20:49:40] [main/INFO] (Launcher) JVM identified as Microsoft OpenJDK 64-Bit Server VM 21.0.10+7-LTS
[20:49:40] [main/INFO] (Launcher) ModLauncher 11.0.5+main.901c6ea8 starting: java version 21.0.10 by Microsoft; OS Windows 11 arch amd64 version 10.0
[20:49:40] [main/INFO] (unprotect) Initializing Unprotect using ModLauncher backend, target: Minecraft and loader classes (minecraft+forge)
[20:49:40] [main/INFO] (ImmediateWindowHandler) Loading ImmediateWindowProvider fmlearlywindow
[20:49:40] [main/INFO] (EARLYDISPLAY) Trying GL version 4.6
[20:49:41] [main/INFO] (EARLYDISPLAY) Requested GL version 4.6 got version 4.6
[20:49:41] [main/INFO] (mixin) SpongePowered MIXIN Subsystem Version=0.8.7 Source=union:/C:/Users/gengy/.gradle/caches/modules-2/files-2.1/net.fabricmc/sponge-mixin/0.15.2+mixin.0.8.7/2af2f021d8e02a0220dc27a7a72b4666d66d44ca/sponge-mixin-0.15.2+mixin.0.8.7.jar%23126!/ Service=ModLauncher Env=CLIENT
[20:49:41] [pool-5-thread-1/INFO] (EARLYDISPLAY) GL info: NVIDIA GeForce RTX 3050 Laptop GPU/PCIe/SSE2 GL version 4.6.0 NVIDIA 595.71, NVIDIA Corporation
[20:49:41] [main/INFO] (ModDiscoverer) Found mod file "neoforge-21.1.228-minecraft-merged-76f89ef088-1.21.1-loom.mappings.1_21_1.layered+hash.40359-v2-neoforge-21.1.228.jar" [locator: neoforge devenv provider ([C:\Users\gengy\Desktop\NewMPG\.gradle\loom-cache\minecraftMaven\net\minecraft\neoforge-21.1.228-minecraft-merged-76f89ef088\1.21.1-loom.mappings.1_21_1.layered+hash.40359-v2-neoforge-21.1.228\neoforge-21.1.228-minecraft-merged-76f89ef088-1.21.1-loom.mappings.1_21_1.layered+hash.40359-v2-neoforge-21.1.228.jar])]
[20:49:41] [main/INFO] (ModDiscoverer) Found mod file "neoforge-21.1.228-minecraft-merged-76f89ef088-1.21.1-loom.mappings.1_21_1.layered+hash.40359-v2-neoforge-21.1.228.jar" [locator: neoforge devenv provider ([C:\Users\gengy\Desktop\NewMPG\.gradle\loom-cache\minecraftMaven\net\minecraft\neoforge-21.1.228-minecraft-merged-76f89ef088\1.21.1-loom.mappings.1_21_1.layered+hash.40359-v2-neoforge-21.1.228\neoforge-21.1.228-minecraft-merged-76f89ef088-1.21.1-loom.mappings.1_21_1.layered+hash.40359-v2-neoforge-21.1.228.jar])]
[20:49:41] [main/INFO] (ModDiscoverer) Found mod file "main" [locator: userdev mods and services, reader: mod manifest]
[20:49:41] [main/INFO] (ModDiscoverer) Found mod file "neoforge-21.1.228-minecraft-merged-76f89ef088-1.21.1-loom.mappings.1_21_1.layered+hash.40359-v2-neoforge-21.1.228.jar" [locator: userdev mods and services, reader: mod manifest]
[20:49:41] [main/INFO] (ModDiscoverer) Found mod file "architectury-neoforge-5cf78f99-13.0.11.jar" [locator: userdev mods and services, reader: mod manifest]
[20:49:41] [main/INFO] (ModDiscoverer) Found mod file "jei-1.21.1-neoforge-5cf78f99-19.27.0.340.jar" [locator: userdev mods and services, reader: mod manifest]
[20:49:41] [main/INFO] (ModDiscoverer) Found mod file "curios-neoforge-5cf78f99-9.5.1+1.21.1.jar" [locator: userdev mods and services, reader: mod manifest]
[20:49:41] [main/INFO] (ModDiscoverer) Found mod file "6024424935597439559.jar" [locator: userdev mods and services, reader: mod manifest]
[20:49:41] [main/INFO] (ModDiscoverer) Found gamelibrary file "mixinextras-neoforge-0.5.3.jar" [locator: userdev mods and services, reader: mod manifest]
[20:49:42] [main/WARN] (JarSelector) Attempted to select a dependency jar for JarJar which was passed in as source: library:mixinextras.neoforge. Using Mod File: C:\Users\gengy\.gradle\caches\modules-2\files-2.1\io.github.llamalad7\mixinextras-neoforge\0.5.3\a0919957808de97707c5fb4ce073e66aeef3e187\mixinextras-neoforge-0.5.3.jar
[20:49:42] [main/INFO] (JarInJarDependencyLocator) Found 1 dependencies adding them to mods collection
[20:49:42] [main/INFO] (ModDiscoverer) Found library file "net.neoforged.neoforge-coremods-21.1.228.jar" [parent: neoforge-21.1.228-minecraft-merged-76f89ef088-1.21.1-loom.mappings.1_21_1.layered+hash.40359-v2-neoforge-21.1.228.jar, locator: jarinjar, reader: mod manifest]
[20:49:42] [main/INFO] (ModDiscoverer) 
     Mod List:
		Name Version (Mod Id)

		Architectury 13.0.11 (architectury)
		Curios API 9.5.1+1.21.1 (curios)
		generated_1bb852a 1 (generated_1bb852a)
		Just Enough Items 19.27.0.340 (jei)
		ManaitaPlusGeneral 3.0.0 (manaita_plus_general)
		Minecraft 1.21.1 (minecraft)
		NeoForge 21.1.228 (neoforge)
[20:49:42] [main/INFO] (mixin) Compatibility level set to JAVA_21
[20:49:42] [main/INFO] (LaunchServiceHandler) Launching target 'forgeclientdev' with arguments [--version, 21.1.228, --gameDir, ., --assetsDir, C:\Users\gengy\.gradle\caches\fabric-loom\assets, --assetIndex, 1.21.1-17]
[20:49:42] [main/INFO] (unprotect) Found 8254 Minecraft classes
[20:49:42] [main/WARN] (mixin) Reference map 'manaita_plus_general.refmap.json' for manaita_plus_general.mixins.json could not be read. If this is a development environment you can ignore this message
[20:49:42] [main/WARN] (mixin) Reference map 'curios.refmap.json' for curios.neoforge.mixins.json could not be read. If this is a development environment you can ignore this message
[20:49:42] [main/WARN] (mixin) Reference map 'curios.refmap.json' for curios.mixins.json could not be read. If this is a development environment you can ignore this message
[20:49:43] [main/WARN] (mixin) Error loading class: com/sammy/malum/client/renderer/renderpass/ParallelWorldRenderer (java.lang.ClassNotFoundException: com.sammy.malum.client.renderer.renderpass.ParallelWorldRenderer)
[20:49:43] [main/WARN] (mixin) @Mixin target com.sammy.malum.client.renderer.renderpass.ParallelWorldRenderer was not found manaita_plus_general.mixins.json:MalumParallelWorldRendererMixin from mod manaita_plus_general
[20:49:43] [main/INFO] (MixinExtras|Service) Initializing MixinExtras via com.llamalad7.mixinextras.service.MixinExtrasServiceImpl(version=0.5.3).
[168月2026 20:49:45.603] [Datafixer Bootstrap/INFO] [com.mojang.datafixers.DataFixerBuilder/]: 229 Datafixer optimizations took 378 milliseconds
[168月2026 20:49:51.625] [main/WARN] [net.minecraft.commands.Commands/]: Ambiguity between arguments [teleport, location] and [teleport, destination] with inputs: [0.1 -0.5 .9, 0 0 0]
[168月2026 20:49:51.626] [main/WARN] [net.minecraft.commands.Commands/]: Ambiguity between arguments [teleport, location] and [teleport, targets] with inputs: [0.1 -0.5 .9, 0 0 0]
[168月2026 20:49:51.628] [main/WARN] [net.minecraft.commands.Commands/]: Ambiguity between arguments [teleport, destination] and [teleport, targets] with inputs: [Player, 0123, @e, dd12be42-52a9-4a91-a8a1-11c01849e498]
[168月2026 20:49:51.629] [main/WARN] [net.minecraft.commands.Commands/]: Ambiguity between arguments [teleport, targets] and [teleport, destination] with inputs: [Player, 0123, dd12be42-52a9-4a91-a8a1-11c01849e498]
[168月2026 20:49:51.629] [main/WARN] [net.minecraft.commands.Commands/]: Ambiguity between arguments [teleport, targets, location] and [teleport, targets, destination] with inputs: [0.1 -0.5 .9, 0 0 0]
[168月2026 20:49:51.754] [Render thread/WARN] [net.minecraft.server.packs.VanillaPackResourcesBuilder/]: Assets URL 'union:/C:/Users/gengy/Desktop/NewMPG/.gradle/loom-cache/minecraftMaven/net/minecraft/neoforge-21.1.228-minecraft-merged-76f89ef088/1.21.1-loom.mappings.1_21_1.layered+hash.40359-v2-neoforge-21.1.228/neoforge-21.1.228-minecraft-merged-76f89ef088-1.21.1-loom.mappings.1_21_1.layered+hash.40359-v2-neoforge-21.1.228.jar%23200!/assets/.mcassetsroot' uses unexpected schema
[168月2026 20:49:51.754] [Render thread/WARN] [net.minecraft.server.packs.VanillaPackResourcesBuilder/]: Assets URL 'union:/C:/Users/gengy/Desktop/NewMPG/.gradle/loom-cache/minecraftMaven/net/minecraft/neoforge-21.1.228-minecraft-merged-76f89ef088/1.21.1-loom.mappings.1_21_1.layered+hash.40359-v2-neoforge-21.1.228/neoforge-21.1.228-minecraft-merged-76f89ef088-1.21.1-loom.mappings.1_21_1.layered+hash.40359-v2-neoforge-21.1.228.jar%23200!/data/.mcassetsroot' uses unexpected schema
[168月2026 20:49:51.788] [Render thread/INFO] [com.mojang.authlib.yggdrasil.YggdrasilAuthenticationService/]: Environment: Environment[sessionHost=https://sessionserver.mojang.com, servicesHost=https://api.minecraftservices.com, name=PROD]
[168月2026 20:49:51.805] [Render thread/INFO] [net.minecraft.client.Minecraft/]: Setting user: Dev
[168月2026 20:49:51.925] [Render thread/INFO] [net.minecraft.client.Minecraft/]: Backend library: LWJGL version 3.3.3+5
[168月2026 20:49:52.166] [modloading-worker-0/INFO] [net.neoforged.neoforge.common.NeoForgeMod/NEOFORGE-MOD]: NeoForge mod loading, version 21.1.228, for MC 1.21.1
[168月2026 20:49:52.276] [modloading-worker-0/INFO] [mezz.jei.library.load.PluginCaller/]: Sending ConfigManager...
[168月2026 20:49:52.281] [modloading-worker-0/INFO] [mezz.jei.library.load.PluginCaller/]: Sending ConfigManager took 3.634 milliseconds
[168月2026 20:49:54.327] [Render thread/INFO] [net.neoforged.neoforge.gametest.GameTestHooks/]: Enabled Gametest Namespaces: []
[168月2026 20:49:54.572] [Render thread/INFO] [net.minecraft.server.packs.resources.ReloadableResourceManager/]: Reloading ResourceManager: vanilla, mod_resources, mod/manaita_plus_general, mod/curios, mod/generated_1bb852a, mod/architectury, mod/neoforge, mod/jei
[168月2026 20:49:54.721] [Worker-Main-13/INFO] [net.minecraft.client.gui.font.providers.UnihexProvider/]: Found unifont_all_no_pua-15.1.05.hex, loading
[168月2026 20:49:54.789] [Worker-Main-4/INFO] [net.minecraft.client.gui.font.providers.UnihexProvider/]: Found unifont_jp_patch-15.1.05.hex, loading
[168月2026 20:49:54.906] [Render thread/INFO] [github.com.gengyoubo.MPG.MPG/]: Registered client runtime event handlers
[168月2026 20:49:56.501] [Render thread/WARN] [net.minecraft.client.sounds.SoundEngine/]: Missing sound for event: minecraft:item.goat_horn.play
[168月2026 20:49:56.501] [Render thread/WARN] [net.minecraft.client.sounds.SoundEngine/]: Missing sound for event: minecraft:entity.goat.screaming.horn_break
[168月2026 20:49:57.251] [Render thread/INFO] [com.mojang.blaze3d.audio.Library/]: OpenAL initialized on device OpenAL Soft on スピーカー (Realtek(R) Audio)
[168月2026 20:49:57.252] [Render thread/INFO] [net.minecraft.client.sounds.SoundEngine/SOUNDS]: Sound engine started
[168月2026 20:49:57.334] [Render thread/INFO] [net.minecraft.client.renderer.texture.TextureAtlas/]: Created: 1024x1024x4 minecraft:textures/atlas/blocks.png-atlas
[168月2026 20:49:57.341] [Render thread/INFO] [net.minecraft.client.renderer.texture.TextureAtlas/]: Created: 256x256x4 minecraft:textures/atlas/signs.png-atlas
[168月2026 20:49:57.342] [Render thread/INFO] [net.minecraft.client.renderer.texture.TextureAtlas/]: Created: 512x512x4 minecraft:textures/atlas/shield_patterns.png-atlas
[168月2026 20:49:57.342] [Render thread/INFO] [net.minecraft.client.renderer.texture.TextureAtlas/]: Created: 512x512x4 minecraft:textures/atlas/banner_patterns.png-atlas
[168月2026 20:49:57.342] [Render thread/INFO] [net.minecraft.client.renderer.texture.TextureAtlas/]: Created: 1024x1024x4 minecraft:textures/atlas/armor_trims.png-atlas
[168月2026 20:49:57.345] [Render thread/INFO] [net.minecraft.client.renderer.texture.TextureAtlas/]: Created: 128x64x4 minecraft:textures/atlas/decorated_pot.png-atlas
[168月2026 20:49:57.345] [Render thread/INFO] [net.minecraft.client.renderer.texture.TextureAtlas/]: Created: 256x256x4 minecraft:textures/atlas/chest.png-atlas
[168月2026 20:49:57.345] [Render thread/INFO] [net.minecraft.client.renderer.texture.TextureAtlas/]: Created: 512x256x4 minecraft:textures/atlas/shulker_boxes.png-atlas
[168月2026 20:49:57.346] [Render thread/INFO] [net.minecraft.client.renderer.texture.TextureAtlas/]: Created: 512x256x4 minecraft:textures/atlas/beds.png-atlas
[168月2026 20:49:57.419] [Render thread/INFO] [net.minecraft.client.renderer.texture.TextureAtlas/]: Created: 512x256x0 minecraft:textures/atlas/particles.png-atlas
[168月2026 20:49:57.420] [Render thread/INFO] [net.minecraft.client.renderer.texture.TextureAtlas/]: Created: 512x256x0 minecraft:textures/atlas/paintings.png-atlas
[168月2026 20:49:57.420] [Render thread/INFO] [net.minecraft.client.renderer.texture.TextureAtlas/]: Created: 256x128x0 minecraft:textures/atlas/mob_effects.png-atlas
[168月2026 20:49:57.420] [Render thread/INFO] [net.minecraft.client.renderer.texture.TextureAtlas/]: Created: 64x64x0 minecraft:textures/atlas/map_decorations.png-atlas
[168月2026 20:49:57.420] [Render thread/INFO] [net.minecraft.client.renderer.texture.TextureAtlas/]: Created: 1024x512x0 minecraft:textures/atlas/gui.png-atlas
[168月2026 20:49:57.442] [Render thread/WARN] [net.minecraft.client.renderer.ShaderInstance/]: Shader rendertype_entity_translucent_emissive could not find sampler named Sampler2 in the specified shader program.
[168月2026 20:49:57.494] [Render thread/INFO] [net.neoforged.neoforge.client.entity.animation.json.AnimationLoader/]: Loaded 0 entity animations
[168月2026 20:49:57.494] [Render thread/INFO] [net.minecraft.client.renderer.texture.TextureAtlas/]: Created: 256x256x0 jei:textures/atlas/gui.png-atlas
[168月2026 20:49:57.525] [Render thread/INFO] [github.com.gengyoubo.MPG.MPG/]: Detected title screen in dev environment, checking for first-world auto-load
[168月2026 20:49:57.555] [Render thread/INFO] [github.com.gengyoubo.MPG.MPG/]: Dev auto-loading first world: 新的世界
[168月2026 20:49:57.555] [Render thread/INFO] [github.com.gengyoubo.MPG.MPG/]: Skipping dev auto-load on 1.21.1 until WorldOpenFlows migration is finished
